c:\users\warp\downloads\csgo2-cheat-main(1)\csgo2-cheat-main\intermediate\vc143.pdb
c:\users\warp\downloads\csgo2-cheat-main(1)\csgo2-cheat-main\intermediate\vc143.idb
c:\users\warp\downloads\csgo2-cheat-main(1)\csgo2-cheat-main\intermediate\imgui_impl_win32.obj
c:\users\warp\downloads\csgo2-cheat-main(1)\csgo2-cheat-main\intermediate\imgui_impl_dx11.obj
c:\users\warp\downloads\csgo2-cheat-main(1)\csgo2-cheat-main\intermediate\imgui_draw.obj
c:\users\warp\downloads\csgo2-cheat-main(1)\csgo2-cheat-main\intermediate\imgui.obj
c:\users\warp\downloads\csgo2-cheat-main(1)\csgo2-cheat-main\intermediate\interfaces.obj
c:\users\warp\downloads\csgo2-cheat-main(1)\csgo2-cheat-main\intermediate\entry.obj
c:\users\warp\downloads\csgo2-cheat-main(1)\csgo2-cheat-main\intermediate\debug.obj
c:\users\warp\downloads\csgo2-cheat-main(1)\csgo2-cheat-main\intermediate\sdl.obj
c:\users\warp\downloads\csgo2-cheat-main(1)\csgo2-cheat-main\intermediate\sdk.obj
c:\users\warp\downloads\csgo2-cheat-main(1)\csgo2-cheat-main\intermediate\schema_system.obj
c:\users\warp\downloads\csgo2-cheat-main(1)\csgo2-cheat-main\intermediate\math.obj
c:\users\warp\downloads\csgo2-cheat-main(1)\csgo2-cheat-main\intermediate\menu.obj
c:\users\warp\downloads\csgo2-cheat-main(1)\csgo2-cheat-main\intermediate\hooks.obj
c:\users\warp\downloads\csgo2-cheat-main(1)\csgo2-cheat-main\intermediate\config.obj
c:\users\warp\downloads\csgo2-cheat-main(1)\csgo2-cheat-main\intermediate\combat.obj
c:\users\warp\downloads\csgo2-cheat-main(1)\csgo2-cheat-main\intermediate\visuals.obj
c:\users\warp\downloads\csgo2-cheat-main(1)\csgo2-cheat-main\intermediate\utilities.obj
c:\users\warp\downloads\csgo2-cheat-main(1)\csgo2-cheat-main\intermediate\renderer.obj
c:\users\warp\downloads\csgo2-cheat-main(1)\csgo2-cheat-main\intermediate\imgui_widgets.obj
c:\users\warp\downloads\csgo2-cheat-main(1)\csgo2-cheat-main\intermediate\imgui_tables.obj
c:\users\warp\downloads\csgo2-cheat-main(1)\csgo2-cheat-main\intermediate\trampoline.obj
c:\users\warp\downloads\csgo2-cheat-main(1)\csgo2-cheat-main\intermediate\hook.obj
c:\users\warp\downloads\csgo2-cheat-main(1)\csgo2-cheat-main\intermediate\hde64.obj
c:\users\warp\downloads\csgo2-cheat-main(1)\csgo2-cheat-main\intermediate\hde32.obj
c:\users\warp\downloads\csgo2-cheat-main(1)\csgo2-cheat-main\intermediate\buffer.obj
c:\users\warp\downloads\csgo2-cheat-main(1)\csgo2-cheat-main\intermediate\shadow_vmt.obj
c:\users\warp\downloads\csgo2-cheat-main(1)\csgo2-cheat-main\intermediate\console.obj
c:\users\warp\downloads\csgo2-cheat-main(1)\csgo2-cheat-main\intermediate\movement.obj
c:\users\warp\downloads\csgo2-cheat-main(1)\csgo2-cheat-main\intermediate\changer.obj
c:\users\warp\downloads\csgo2-cheat-main(1)\csgo2-cheat-main\intermediate\misc.obj
c:\users\warp\downloads\csgo2-cheat-main(1)\csgo2-cheat-main\intermediate\vfunc.obj
c:\users\warp\downloads\csgo2-cheat-main(1)\csgo2-cheat-main\build\csgo2.dll
c:\users\warp\downloads\csgo2-cheat-main(1)\csgo2-cheat-main\build\csgo2.pdb
c:\users\warp\downloads\csgo2-cheat-main(1)\csgo2-cheat-main\intermediate\csgo2.ilk
c:\users\warp\downloads\csgo2-cheat-main(1)\csgo2-cheat-main\intermediate\color_t.obj
c:\users\warp\downloads\csgo2-cheat-main(1)\csgo2-cheat-main\intermediate\vec2_t.obj
c:\users\warp\downloads\csgo2-cheat-main(1)\csgo2-cheat-main\intermediate\vec3_t.obj
c:\users\warp\downloads\csgo2-cheat-main(1)\csgo2-cheat-main\intermediate\vec4_t.obj
c:\users\warp\downloads\csgo2-cheat-main(1)\csgo2-cheat-main\intermediate\csgo2.vcxproj.filelistabsolute.txt
c:\users\warp\downloads\csgo2-cheat-main(1)\csgo2-cheat-main\intermediate\csgo2.tlog\cl.command.1.tlog
c:\users\warp\downloads\csgo2-cheat-main(1)\csgo2-cheat-main\intermediate\csgo2.tlog\cl.items.tlog
c:\users\warp\downloads\csgo2-cheat-main(1)\csgo2-cheat-main\intermediate\csgo2.tlog\cl.read.1.tlog
c:\users\warp\downloads\csgo2-cheat-main(1)\csgo2-cheat-main\intermediate\csgo2.tlog\cl.write.1.tlog
c:\users\warp\downloads\csgo2-cheat-main(1)\csgo2-cheat-main\intermediate\csgo2.tlog\link.command.1.tlog
c:\users\warp\downloads\csgo2-cheat-main(1)\csgo2-cheat-main\intermediate\csgo2.tlog\link.read.1.tlog
c:\users\warp\downloads\csgo2-cheat-main(1)\csgo2-cheat-main\intermediate\csgo2.tlog\link.secondary.1.tlog
c:\users\warp\downloads\csgo2-cheat-main(1)\csgo2-cheat-main\intermediate\csgo2.tlog\link.write.1.tlog
